// Jest Snapshot v1, https://goo.gl/fbAQLP

exports[`<Slider /> should render default 1`] = `
<DocumentFragment>
  <div
    class="sliderContainer"
  >
    <label
      class="sliderLabel"
      for="slider"
    >
      Slider
    </label>
    <input
      class="sliderRange"
      id="slider"
      max="100"
      min="0"
      step="1"
      type="range"
      value="50"
    />
    <output
      class="tooltip"
      for="slider"
    >
      <span
        class="tooltipContent"
      >
        50
      </span>
    </output>
    <div
      class="sliderMin"
    >
      0
    </div>
    <div
      class="sliderMax"
    >
      100
    </div>
  </div>
</DocumentFragment>
`;
