// Jest Snapshot v1, https://goo.gl/fbAQLP

exports[`<OTPField> Global render should render default 1`] = `
<Component
  code="000000"
  label="security code"
  validityEndDate={1592829231510}
  validityPeriod={30000}
>
  <div
    className="root"
  >
    <span
      className="label"
    >
      security code
    </span>
    <div
      className="container"
    >
      <div
        className="code"
      >
        000 000
      </div>
      <Component
        onTimerEnd={[Function]}
        validityEndDate={1592829231510}
        validityPeriod={30000}
      >
        <div>
          <svg
            viewBox="0 0 14 14"
            xmlns="http://www.w3.org/2000/svg"
          >
            <g>
              <circle
                cx="7"
                cy="7"
                r="6"
              />
              <path
                className=""
                d="
              M 7, 7
              m -6, 0
              a 6,6 0 0,0 12,0
              a 6,6 0 0,0 -12,0
            "
                strokeDasharray="38 38"
              />
            </g>
          </svg>
        </div>
      </Component>
    </div>
  </div>
</Component>
`;
