// Jest Snapshot v1, https://goo.gl/fbAQLP

exports[`<Icon> global render should render 1`] = `
.c0 {
  display: -webkit-box;
  display: -webkit-flex;
  display: -ms-flexbox;
  display: flex;
  width: 20px;
  height: 20px;
  cursor: inherit;
  outline: none;
  border-radius: 4px;
  fill: #0E353D;
  -webkit-transform: none;
  -ms-transform: none;
  transform: none;
  opacity: 1;
  -webkit-transition: all 0.1s ease-in;
  transition: all 0.1s ease-in;
}

.c0:hover {
  fill: #0E353D;
}

.c0:active {
  fill: #0E353D;
}

<styled.svg>
  <StyledComponent
    forwardedComponent={
      Object {
        "$$typeof": Symbol(react.forward_ref),
        "attrs": Array [
          [Function],
        ],
        "componentStyle": ComponentStyle {
          "componentId": "sc-bdVaJa",
          "isStatic": false,
          "lastClassName": "c0",
          "rules": Array [
            "
  display: flex;
  width: ",
            [Function],
            ";
  height: ",
            [Function],
            ";
  cursor: ",
            [Function],
            ";
  outline: none;
  border-radius: 4px;
  fill: ",
            [Function],
            ";
  transform: ",
            [Function],
            ";
  opacity: ",
            [Function],
            ";
  transition: ",
            [Function],
            "
  &:hover {
    fill: ",
            [Function],
            ";
  }
  &:active {
    fill: ",
            [Function],
            ";
  }
",
          ],
        },
        "displayName": "styled.svg",
        "foldedComponentIds": Array [],
        "render": [Function],
        "styledComponentId": "sc-bdVaJa",
        "target": "svg",
        "toString": [Function],
        "warnTooManyClasses": [Function],
        "withComponent": [Function],
      }
    }
    forwardedRef={null}
  >
    <svg
      className="c0"
      version="1.1"
      viewBox="0 0 20 20"
      xmlns="http://www.w3.org/2000/svg"
    />
  </StyledComponent>
</styled.svg>
`;
